<?xml version="1.0" encoding="UTF-8"?>
<tv generator-info-name="xg2g" generator-info-url="https://example.invalid/xg2g"></tv>